// Jest Snapshot v1, https://goo.gl/fbAQLP

exports[`Isomorphic select component should match with snapshot 1`] = `
<div>
  <div
    class="ant-select ant-select-borderless sc-bdvvtL kLdNxV ant-select-single ant-select-show-arrow"
    data-testid="isomorphic-select"
  >
    <div
      class="ant-select-selector"
    >
      <span
        class="ant-select-selection-search"
      >
        <input
          aria-activedescendant="rc_select_TEST_OR_SSR_list_0"
          aria-autocomplete="list"
          aria-controls="rc_select_TEST_OR_SSR_list"
          aria-haspopup="listbox"
          aria-owns="rc_select_TEST_OR_SSR_list"
          autocomplete="off"
          class="ant-select-selection-search-input"
          id="rc_select_TEST_OR_SSR"
          readonly=""
          role="combobox"
          style="opacity: 0;"
          type="search"
          unselectable="on"
          value=""
        />
      </span>
      <span
        class="ant-select-selection-item"
        title="Blockchain"
      >
        Blockchain
      </span>
    </div>
    <span
      aria-hidden="true"
      class="ant-select-arrow"
      style="user-select: none;"
      unselectable="on"
    >
      <i
        class="mc-arrow-down-simple-line mc-2x down-arrow"
      />
    </span>
  </div>
</div>
`;
