// Jest Snapshot v1, https://goo.gl/fbAQLP

exports[`TrendingImages should match with snapshot 1`] = `
<div>
  <div
    class="trending-flex"
  >
    <div
      class="ant-image"
    >
      <img
        alt="..."
        class="ant-image-img"
        src="https://i.picsum.photos/id/111/600/400.jpg?hmac=hVzgLIvxNZYaZkGV8HgOs6FO0aePt5tSEhb-sZBwbkk"
      />
      <div
        class="ant-image-mask"
      >
        <div
          class="ant-image-mask-info"
        >
          <span
            aria-label="eye"
            class="anticon anticon-eye"
            role="img"
          >
            <svg
              aria-hidden="true"
              data-icon="eye"
              fill="currentColor"
              focusable="false"
              height="1em"
              viewBox="64 64 896 896"
              width="1em"
            >
              <path
                d="M942.2 486.2C847.4 286.5 704.1 186 512 186c-192.2 0-335.4 100.5-430.2 300.3a60.3 60.3 0 000 51.5C176.6 737.5 319.9 838 512 838c192.2 0 335.4-100.5 430.2-300.3 7.7-16.2 7.7-35 0-51.5zM512 766c-161.3 0-279.4-81.8-362.7-254C232.6 339.8 350.7 258 512 258c161.3 0 279.4 81.8 362.7 254C791.5 684.2 673.4 766 512 766zm-4-430c-97.2 0-176 78.8-176 176s78.8 176 176 176 176-78.8 176-176-78.8-176-176-176zm0 288c-61.9 0-112-50.1-112-112s50.1-112 112-112 112 50.1 112 112-50.1 112-112 112z"
              />
            </svg>
          </span>
          Preview
        </div>
      </div>
    </div>
    <div
      class="ant-image"
    >
      <img
        alt="..."
        class="ant-image-img"
        src="https://i.picsum.photos/id/848/600/400.jpg?hmac=gdx1i308nOCrjtfzwAlWF5RCN8HKoQd-POMetrAmZxc"
      />
      <div
        class="ant-image-mask"
      >
        <div
          class="ant-image-mask-info"
        >
          <span
            aria-label="eye"
            class="anticon anticon-eye"
            role="img"
          >
            <svg
              aria-hidden="true"
              data-icon="eye"
              fill="currentColor"
              focusable="false"
              height="1em"
              viewBox="64 64 896 896"
              width="1em"
            >
              <path
                d="M942.2 486.2C847.4 286.5 704.1 186 512 186c-192.2 0-335.4 100.5-430.2 300.3a60.3 60.3 0 000 51.5C176.6 737.5 319.9 838 512 838c192.2 0 335.4-100.5 430.2-300.3 7.7-16.2 7.7-35 0-51.5zM512 766c-161.3 0-279.4-81.8-362.7-254C232.6 339.8 350.7 258 512 258c161.3 0 279.4 81.8 362.7 254C791.5 684.2 673.4 766 512 766zm-4-430c-97.2 0-176 78.8-176 176s78.8 176 176 176 176-78.8 176-176-78.8-176-176-176zm0 288c-61.9 0-112-50.1-112-112s50.1-112 112-112 112 50.1 112 112-50.1 112-112 112z"
              />
            </svg>
          </span>
          Preview
        </div>
      </div>
    </div>
    <div
      class="ant-image"
    >
      <img
        alt="..."
        class="ant-image-img"
        src="https://i.picsum.photos/id/800/600/400.jpg?hmac=BfxO4NSm5mSWXzJizt0AQmoYlCYW9naVm-m9n3YB6Ss"
      />
      <div
        class="ant-image-mask"
      >
        <div
          class="ant-image-mask-info"
        >
          <span
            aria-label="eye"
            class="anticon anticon-eye"
            role="img"
          >
            <svg
              aria-hidden="true"
              data-icon="eye"
              fill="currentColor"
              focusable="false"
              height="1em"
              viewBox="64 64 896 896"
              width="1em"
            >
              <path
                d="M942.2 486.2C847.4 286.5 704.1 186 512 186c-192.2 0-335.4 100.5-430.2 300.3a60.3 60.3 0 000 51.5C176.6 737.5 319.9 838 512 838c192.2 0 335.4-100.5 430.2-300.3 7.7-16.2 7.7-35 0-51.5zM512 766c-161.3 0-279.4-81.8-362.7-254C232.6 339.8 350.7 258 512 258c161.3 0 279.4 81.8 362.7 254C791.5 684.2 673.4 766 512 766zm-4-430c-97.2 0-176 78.8-176 176s78.8 176 176 176 176-78.8 176-176-78.8-176-176-176zm0 288c-61.9 0-112-50.1-112-112s50.1-112 112-112 112 50.1 112 112-50.1 112-112 112z"
              />
            </svg>
          </span>
          Preview
        </div>
      </div>
    </div>
    <div
      class="ant-image"
    >
      <img
        alt="..."
        class="ant-image-img"
        src="https://i.picsum.photos/id/48/600/400.jpg?hmac=cCi79K4z3DzPqjEvIrMM-D2KVfFRngC631Qx8g9PPxo"
      />
      <div
        class="ant-image-mask"
      >
        <div
          class="ant-image-mask-info"
        >
          <span
            aria-label="eye"
            class="anticon anticon-eye"
            role="img"
          >
            <svg
              aria-hidden="true"
              data-icon="eye"
              fill="currentColor"
              focusable="false"
              height="1em"
              viewBox="64 64 896 896"
              width="1em"
            >
              <path
                d="M942.2 486.2C847.4 286.5 704.1 186 512 186c-192.2 0-335.4 100.5-430.2 300.3a60.3 60.3 0 000 51.5C176.6 737.5 319.9 838 512 838c192.2 0 335.4-100.5 430.2-300.3 7.7-16.2 7.7-35 0-51.5zM512 766c-161.3 0-279.4-81.8-362.7-254C232.6 339.8 350.7 258 512 258c161.3 0 279.4 81.8 362.7 254C791.5 684.2 673.4 766 512 766zm-4-430c-97.2 0-176 78.8-176 176s78.8 176 176 176 176-78.8 176-176-78.8-176-176-176zm0 288c-61.9 0-112-50.1-112-112s50.1-112 112-112 112 50.1 112 112-50.1 112-112 112z"
              />
            </svg>
          </span>
          Preview
        </div>
      </div>
    </div>
    <div
      class="ant-image"
    >
      <img
        alt="..."
        class="ant-image-img"
        src="https://i.picsum.photos/id/891/600/400.jpg?hmac=h3MaYu1wv2Z6nZIe-h2Qr5f2hWgdwOXK-8IoJKWOi5o"
      />
      <div
        class="ant-image-mask"
      >
        <div
          class="ant-image-mask-info"
        >
          <span
            aria-label="eye"
            class="anticon anticon-eye"
            role="img"
          >
            <svg
              aria-hidden="true"
              data-icon="eye"
              fill="currentColor"
              focusable="false"
              height="1em"
              viewBox="64 64 896 896"
              width="1em"
            >
              <path
                d="M942.2 486.2C847.4 286.5 704.1 186 512 186c-192.2 0-335.4 100.5-430.2 300.3a60.3 60.3 0 000 51.5C176.6 737.5 319.9 838 512 838c192.2 0 335.4-100.5 430.2-300.3 7.7-16.2 7.7-35 0-51.5zM512 766c-161.3 0-279.4-81.8-362.7-254C232.6 339.8 350.7 258 512 258c161.3 0 279.4 81.8 362.7 254C791.5 684.2 673.4 766 512 766zm-4-430c-97.2 0-176 78.8-176 176s78.8 176 176 176 176-78.8 176-176-78.8-176-176-176zm0 288c-61.9 0-112-50.1-112-112s50.1-112 112-112 112 50.1 112 112-50.1 112-112 112z"
              />
            </svg>
          </span>
          Preview
        </div>
      </div>
    </div>
    <div
      class="ant-image"
    >
      <img
        alt="..."
        class="ant-image-img"
        src="https://i.picsum.photos/id/115/600/400.jpg?hmac=3JFSzdi5oc5InYvi2ShLRguL3tP9noN-CjNNPur1Ewg"
      />
      <div
        class="ant-image-mask"
      >
        <div
          class="ant-image-mask-info"
        >
          <span
            aria-label="eye"
            class="anticon anticon-eye"
            role="img"
          >
            <svg
              aria-hidden="true"
              data-icon="eye"
              fill="currentColor"
              focusable="false"
              height="1em"
              viewBox="64 64 896 896"
              width="1em"
            >
              <path
                d="M942.2 486.2C847.4 286.5 704.1 186 512 186c-192.2 0-335.4 100.5-430.2 300.3a60.3 60.3 0 000 51.5C176.6 737.5 319.9 838 512 838c192.2 0 335.4-100.5 430.2-300.3 7.7-16.2 7.7-35 0-51.5zM512 766c-161.3 0-279.4-81.8-362.7-254C232.6 339.8 350.7 258 512 258c161.3 0 279.4 81.8 362.7 254C791.5 684.2 673.4 766 512 766zm-4-430c-97.2 0-176 78.8-176 176s78.8 176 176 176 176-78.8 176-176-78.8-176-176-176zm0 288c-61.9 0-112-50.1-112-112s50.1-112 112-112 112 50.1 112 112-50.1 112-112 112z"
              />
            </svg>
          </span>
          Preview
        </div>
      </div>
    </div>
    <div
      class="ant-image"
    >
      <img
        alt="..."
        class="ant-image-img"
        src="https://i.picsum.photos/id/231/600/400.jpg?hmac=wCQ76f4r3xMWs5nO-BcnAxmfP83yigbQsiK0w30ZP7I"
      />
      <div
        class="ant-image-mask"
      >
        <div
          class="ant-image-mask-info"
        >
          <span
            aria-label="eye"
            class="anticon anticon-eye"
            role="img"
          >
            <svg
              aria-hidden="true"
              data-icon="eye"
              fill="currentColor"
              focusable="false"
              height="1em"
              viewBox="64 64 896 896"
              width="1em"
            >
              <path
                d="M942.2 486.2C847.4 286.5 704.1 186 512 186c-192.2 0-335.4 100.5-430.2 300.3a60.3 60.3 0 000 51.5C176.6 737.5 319.9 838 512 838c192.2 0 335.4-100.5 430.2-300.3 7.7-16.2 7.7-35 0-51.5zM512 766c-161.3 0-279.4-81.8-362.7-254C232.6 339.8 350.7 258 512 258c161.3 0 279.4 81.8 362.7 254C791.5 684.2 673.4 766 512 766zm-4-430c-97.2 0-176 78.8-176 176s78.8 176 176 176 176-78.8 176-176-78.8-176-176-176zm0 288c-61.9 0-112-50.1-112-112s50.1-112 112-112 112 50.1 112 112-50.1 112-112 112z"
              />
            </svg>
          </span>
          Preview
        </div>
      </div>
    </div>
    <div
      class="ant-image"
    >
      <img
        alt="..."
        class="ant-image-img"
        src="https://i.picsum.photos/id/491/600/400.jpg?hmac=Axi0j7R265OuvHkX08P7LInOnl0rwOIoF2y9rNfp4vU"
      />
      <div
        class="ant-image-mask"
      >
        <div
          class="ant-image-mask-info"
        >
          <span
            aria-label="eye"
            class="anticon anticon-eye"
            role="img"
          >
            <svg
              aria-hidden="true"
              data-icon="eye"
              fill="currentColor"
              focusable="false"
              height="1em"
              viewBox="64 64 896 896"
              width="1em"
            >
              <path
                d="M942.2 486.2C847.4 286.5 704.1 186 512 186c-192.2 0-335.4 100.5-430.2 300.3a60.3 60.3 0 000 51.5C176.6 737.5 319.9 838 512 838c192.2 0 335.4-100.5 430.2-300.3 7.7-16.2 7.7-35 0-51.5zM512 766c-161.3 0-279.4-81.8-362.7-254C232.6 339.8 350.7 258 512 258c161.3 0 279.4 81.8 362.7 254C791.5 684.2 673.4 766 512 766zm-4-430c-97.2 0-176 78.8-176 176s78.8 176 176 176 176-78.8 176-176-78.8-176-176-176zm0 288c-61.9 0-112-50.1-112-112s50.1-112 112-112 112 50.1 112 112-50.1 112-112 112z"
              />
            </svg>
          </span>
          Preview
        </div>
      </div>
    </div>
    <div
      class="ant-image"
    >
      <img
        alt="..."
        class="ant-image-img"
        src="https://i.picsum.photos/id/524/600/400.jpg?hmac=dHi4SzGwI6OXIEY7vXNpt6ohHGoDaZevHE0lBuB85xU"
      />
      <div
        class="ant-image-mask"
      >
        <div
          class="ant-image-mask-info"
        >
          <span
            aria-label="eye"
            class="anticon anticon-eye"
            role="img"
          >
            <svg
              aria-hidden="true"
              data-icon="eye"
              fill="currentColor"
              focusable="false"
              height="1em"
              viewBox="64 64 896 896"
              width="1em"
            >
              <path
                d="M942.2 486.2C847.4 286.5 704.1 186 512 186c-192.2 0-335.4 100.5-430.2 300.3a60.3 60.3 0 000 51.5C176.6 737.5 319.9 838 512 838c192.2 0 335.4-100.5 430.2-300.3 7.7-16.2 7.7-35 0-51.5zM512 766c-161.3 0-279.4-81.8-362.7-254C232.6 339.8 350.7 258 512 258c161.3 0 279.4 81.8 362.7 254C791.5 684.2 673.4 766 512 766zm-4-430c-97.2 0-176 78.8-176 176s78.8 176 176 176 176-78.8 176-176-78.8-176-176-176zm0 288c-61.9 0-112-50.1-112-112s50.1-112 112-112 112 50.1 112 112-50.1 112-112 112z"
              />
            </svg>
          </span>
          Preview
        </div>
      </div>
    </div>
    <div
      class="ant-image"
    >
      <img
        alt="..."
        class="ant-image-img"
        src="https://i.picsum.photos/id/256/600/400.jpg?hmac=fIC8k66mBPEEbMQSMJgJJrW_jcRlWHPQ_OE6UWum-Yg"
      />
      <div
        class="ant-image-mask"
      >
        <div
          class="ant-image-mask-info"
        >
          <span
            aria-label="eye"
            class="anticon anticon-eye"
            role="img"
          >
            <svg
              aria-hidden="true"
              data-icon="eye"
              fill="currentColor"
              focusable="false"
              height="1em"
              viewBox="64 64 896 896"
              width="1em"
            >
              <path
                d="M942.2 486.2C847.4 286.5 704.1 186 512 186c-192.2 0-335.4 100.5-430.2 300.3a60.3 60.3 0 000 51.5C176.6 737.5 319.9 838 512 838c192.2 0 335.4-100.5 430.2-300.3 7.7-16.2 7.7-35 0-51.5zM512 766c-161.3 0-279.4-81.8-362.7-254C232.6 339.8 350.7 258 512 258c161.3 0 279.4 81.8 362.7 254C791.5 684.2 673.4 766 512 766zm-4-430c-97.2 0-176 78.8-176 176s78.8 176 176 176 176-78.8 176-176-78.8-176-176-176zm0 288c-61.9 0-112-50.1-112-112s50.1-112 112-112 112 50.1 112 112-50.1 112-112 112z"
              />
            </svg>
          </span>
          Preview
        </div>
      </div>
    </div>
    <div
      class="ant-image"
    >
      <img
        alt="..."
        class="ant-image-img"
        src="https://i.picsum.photos/id/356/600/400.jpg?hmac=4PAfGd24yOPKaDUITNkm86-qmq9pktPbq6Fda2m3At0"
      />
      <div
        class="ant-image-mask"
      >
        <div
          class="ant-image-mask-info"
        >
          <span
            aria-label="eye"
            class="anticon anticon-eye"
            role="img"
          >
            <svg
              aria-hidden="true"
              data-icon="eye"
              fill="currentColor"
              focusable="false"
              height="1em"
              viewBox="64 64 896 896"
              width="1em"
            >
              <path
                d="M942.2 486.2C847.4 286.5 704.1 186 512 186c-192.2 0-335.4 100.5-430.2 300.3a60.3 60.3 0 000 51.5C176.6 737.5 319.9 838 512 838c192.2 0 335.4-100.5 430.2-300.3 7.7-16.2 7.7-35 0-51.5zM512 766c-161.3 0-279.4-81.8-362.7-254C232.6 339.8 350.7 258 512 258c161.3 0 279.4 81.8 362.7 254C791.5 684.2 673.4 766 512 766zm-4-430c-97.2 0-176 78.8-176 176s78.8 176 176 176 176-78.8 176-176-78.8-176-176-176zm0 288c-61.9 0-112-50.1-112-112s50.1-112 112-112 112 50.1 112 112-50.1 112-112 112z"
              />
            </svg>
          </span>
          Preview
        </div>
      </div>
    </div>
  </div>
</div>
`;
