// Jest Snapshot v1, https://goo.gl/fbAQLP

exports[`Test Web3ProvidersInfo object should match with snapshot 1`] = `undefined`;
