// Jest Snapshot v1, https://goo.gl/fbAQLP

exports[`ProviderOptions object should match with snapshot 1`] = `undefined`;
