// Jest Snapshot v1, https://goo.gl/fbAQLP

exports[`MobileDrawerMenu should match with snapshot 1`] = `<div />`;
