// Jest Snapshot v1, https://goo.gl/fbAQLP

exports[`Test Chains object should match with snapshot 1`] = `undefined`;
