// Jest Snapshot v1, https://goo.gl/fbAQLP

exports[`MyBooksWrapper component should match with snapshot 1`] = `
<div>
  <div
    class="ant-row sc-bdvvtL kTOvF"
  >
    <div
      class="ant-col ant-col-24"
    >
      <div
        aria-label="Amaya, princess of House Amethyst in Gemworld, and her brother love magical pranks. But when one goes much too far, her parents ground the young royal"
        class="ant-typography ant-typography-ellipsis"
        test-id="description-p"
      >
        Amaya, princess of House Amethyst in Gemworld, and her brother love magical pranks. But when one goes much too far, her parents ground the young royal
        <span
          aria-hidden="true"
          style="position: fixed; display: block; left: 0px; top: 0px; z-index: -9999; visibility: hidden; pointer-events: none; word-break: keep-all; white-space: nowrap;"
        >
          lg
        </span>
        <span
          aria-hidden="true"
          style="position: fixed; display: block; left: 0px; top: 0px; z-index: -9999; visibility: hidden; pointer-events: none; width: 0px; white-space: normal; margin: 0px; padding: 0px;"
        >
          <span
            aria-hidden="true"
          >
            ...
          </span>
          <a
            aria-label="Expand"
            class="ant-typography-expand"
          >
            Read more
          </a>
        </span>
      </div>
    </div>
    <div
      class="ant-divider ant-divider-horizontal"
      role="separator"
    />
    <div
      class="ant-space ant-space-horizontal ant-space-align-center meta-align-center meta-flex-s-b"
      style="width: 100%;"
    >
      <div
        class="ant-space-item"
        style="margin-right: 8px;"
      >
        <div>
          <div>
            Creator
          </div>
          <b>
            0xbd72…2485
          </b>
        </div>
      </div>
      <div
        class="ant-space-item"
      >
        <div
          class="meta-flex meta-flex-col"
        >
          <div>
            Owner
          </div>
          <b>
            0xbd72…2485
          </b>
        </div>
      </div>
    </div>
    <div
      class="ant-divider ant-divider-horizontal"
      role="separator"
    />
    <div
      style="width: 100%;"
    >
      <div
        style="margin-bottom: 10px;"
      >
        <b>
          Attributes
        </b>
      </div>
      <div
        class="ant-space ant-space-horizontal ant-space-align-center w-100 meta-align-center meta-flex-s-b"
      >
        <div
          class="ant-space-item"
          style="margin-right: 8px;"
        >
          <div>
            GENRE_OPTIONS
          </div>
        </div>
        <div
          class="ant-space-item"
        >
          <b>
            GENRE_OPTIONSText
          </b>
        </div>
      </div>
      <div
        class="ant-space ant-space-horizontal ant-space-align-center w-100 meta-align-center meta-flex-s-b"
      >
        <div
          class="ant-space-item"
          style="margin-right: 8px;"
        >
          <div>
            Age Rating:
          </div>
        </div>
        <div
          class="ant-space-item"
        >
          <b>
            18+
          </b>
        </div>
      </div>
      <div
        class="ant-space ant-space-horizontal ant-space-align-center w-100 meta-align-center meta-flex-s-b"
      >
        <div
          class="ant-space-item"
          style="margin-right: 8px;"
        >
          <div>
            ISBN
          </div>
        </div>
        <div
          class="ant-space-item"
        >
          <b>
            isbnText
          </b>
        </div>
      </div>
      <div
        class="ant-space ant-space-horizontal ant-space-align-center w-100 meta-align-center meta-flex-s-b"
      >
        <div
          class="ant-space-item"
          style="margin-right: 8px;"
        >
          <div>
            Pages
          </div>
        </div>
        <div
          class="ant-space-item"
        >
          <b>
            10
          </b>
        </div>
      </div>
    </div>
    <div
      class="ant-divider ant-divider-horizontal"
      role="separator"
    />
    <div
      class="ant-space ant-space-horizontal ant-space-align-center"
      style="flex-wrap: wrap; margin-bottom: -10px; justify-content: space-around;"
    >
      <div
        class="ant-space-item"
        style="padding-bottom: 10px;"
      >
        <div
          class="ant-space ant-space-horizontal ant-space-align-center"
        >
          <div
            class="ant-space-item"
          >
            <span
              class="ant-typography"
            >
              <strong>
                No attributes
              </strong>
            </span>
          </div>
        </div>
      </div>
    </div>
  </div>
</div>
`;
