// Jest Snapshot v1, https://goo.gl/fbAQLP

exports[`FullscreenMenu COmponent should match with snapshot 1`] = `<div />`;
