// Jest Snapshot v1, https://goo.gl/fbAQLP

exports[`Container should match with snapshot 1`] = `
<div>
  <div
    class="ant-btn-group ant-dropdown-button"
  >
    <button
      class="ant-btn ant-btn-default"
      type="button"
    />
    <button
      class="ant-btn ant-btn-default ant-btn-icon-only ant-dropdown-trigger"
      type="button"
    >
      <span
        aria-label="ellipsis"
        class="anticon anticon-ellipsis"
        role="img"
      >
        <svg
          aria-hidden="true"
          data-icon="ellipsis"
          fill="currentColor"
          focusable="false"
          height="1em"
          viewBox="64 64 896 896"
          width="1em"
        >
          <path
            d="M176 511a56 56 0 10112 0 56 56 0 10-112 0zm280 0a56 56 0 10112 0 56 56 0 10-112 0zm280 0a56 56 0 10112 0 56 56 0 10-112 0z"
          />
        </svg>
      </span>
    </button>
  </div>
</div>
`;
