// Jest Snapshot v1, https://goo.gl/fbAQLP

exports[`MainLayout should match with snapshot 1`] = `<body />`;
