// Jest Snapshot v1, https://goo.gl/fbAQLP

exports[`AddFund should match with snapshot 1`] = `<div />`;
